<?xml version="1.0" encoding="UTF-8"?>
<TestRun id="48db0215-1a39-435e-9e19-a4d208aea93a" name="robiboi@ROBIBOI-PC 2011-05-01 21:57:51" runUser="robiboi-PC\robiboi" xmlns="http://microsoft.com/schemas/VisualStudio/TeamTest/2010">
  <TestSettings name="Local" id="3ffd31cd-dd25-481f-88d6-e5a216f1f9dc">
    <Description>These are default test settings for a local test run.</Description>
    <Deployment enabled="false" runDeploymentRoot="robiboi_ROBIBOI-PC 2011-05-01 21_57_51">
      <DeploymentItem filename="D:\WebFiles\onecontainerline\OneContainerline\OneContainerlineBL\bin\Debug\OneContainerlineBL.dll" />
    </Deployment>
    <Execution>
      <TestTypeSpecific />
      <AgentRule name="Execution Agents">
      </AgentRule>
    </Execution>
  </TestSettings>
  <Times creation="2011-05-01T21:57:51.1751589+08:00" queuing="2011-05-01T21:57:51.1931599+08:00" start="2011-05-01T21:57:51.2251617+08:00" finish="2011-05-01T21:57:51.8851995+08:00" />
  <ResultSummary outcome="Failed">
    <Counters total="1" executed="1" error="0" failed="1" timeout="0" aborted="0" inconclusive="0" passedButRunAborted="0" notRunnable="0" notExecuted="0" disconnected="0" warning="0" passed="0" completed="0" inProgress="0" pending="0" />
  </ResultSummary>
  <TestDefinitions>
    <UnitTest name="InsertCountryText" storage="d:\webfiles\onecontainerline\onecontainerline\testproject1\bin\debug\testproject1.dll" id="6ac5956e-5801-7af9-f24b-b112eb8862dd">
      <Execution id="5bc98a02-1a3b-4d71-b53f-1632134b357c" />
      <TestMethod codeBase="D:/WebFiles/onecontainerline/OneContainerline/TestProject1/bin/Debug/TestProject1.DLL" adapterTypeName="Microsoft.VisualStudio.TestTools.TestTypes.Unit.UnitTestAdapter, Microsoft.VisualStudio.QualityTools.Tips.UnitTest.Adapter, Version=10.0.0.0, Culture=neutral, PublicKeyToken=b03f5f7f11d50a3a" className="TestProject1.UnitTest1, TestProject1, Version=1.0.0.0, Culture=neutral, PublicKeyToken=null" name="InsertCountryText" />
    </UnitTest>
  </TestDefinitions>
  <TestLists>
    <TestList name="Results Not in a List" id="8c84fa94-04c1-424b-9868-57a2d4851a1d" />
    <TestList name="All Loaded Results" id="19431567-8539-422a-85d7-44ee4e166bda" />
  </TestLists>
  <TestEntries>
    <TestEntry testId="6ac5956e-5801-7af9-f24b-b112eb8862dd" executionId="5bc98a02-1a3b-4d71-b53f-1632134b357c" testListId="8c84fa94-04c1-424b-9868-57a2d4851a1d" />
  </TestEntries>
  <Results>
    <UnitTestResult executionId="5bc98a02-1a3b-4d71-b53f-1632134b357c" testId="6ac5956e-5801-7af9-f24b-b112eb8862dd" testName="InsertCountryText" computerName="ROBIBOI-PC" duration="00:00:00.2297724" startTime="2011-05-01T21:57:51.2591637+08:00" endTime="2011-05-01T21:57:51.8471973+08:00" testType="13cdc9d9-ddb5-4fa4-a97d-d965ccfc6d4b" outcome="Failed" testListId="8c84fa94-04c1-424b-9868-57a2d4851a1d" relativeResultsDirectory="5bc98a02-1a3b-4d71-b53f-1632134b357c">
      <Output>
        <ErrorInfo>
          <Message>Test method TestProject1.UnitTest1.InsertCountryText threw exception: 
System.Data.SqlClient.SqlException: String or binary data would be truncated.
The statement has been terminated.</Message>
          <StackTrace>    at System.Data.SqlClient.SqlConnection.OnError(SqlException exception, Boolean breakConnection)
   at System.Data.SqlClient.SqlInternalConnection.OnError(SqlException exception, Boolean breakConnection)
   at System.Data.SqlClient.TdsParser.ThrowExceptionAndWarning()
   at System.Data.SqlClient.TdsParser.Run(RunBehavior runBehavior, SqlCommand cmdHandler, SqlDataReader dataStream, BulkCopySimpleResultSet bulkCopyHandler, TdsParserStateObject stateObj)
   at System.Data.SqlClient.SqlDataReader.ConsumeMetaData()
   at System.Data.SqlClient.SqlDataReader.get_MetaData()
   at System.Data.SqlClient.SqlCommand.FinishExecuteReader(SqlDataReader ds, RunBehavior runBehavior, String resetOptionsString)
   at System.Data.SqlClient.SqlCommand.RunExecuteReaderTds(CommandBehavior cmdBehavior, RunBehavior runBehavior, Boolean returnStream, Boolean async)
   at System.Data.SqlClient.SqlCommand.RunExecuteReader(CommandBehavior cmdBehavior, RunBehavior runBehavior, Boolean returnStream, String method, DbAsyncResult result)
   at System.Data.SqlClient.SqlCommand.RunExecuteReader(CommandBehavior cmdBehavior, RunBehavior runBehavior, Boolean returnStream, String method)
   at System.Data.SqlClient.SqlCommand.ExecuteReader(CommandBehavior behavior, String method)
   at System.Data.SqlClient.SqlCommand.ExecuteDbDataReader(CommandBehavior behavior)
   at System.Data.Common.DbCommand.ExecuteReader()
   at System.Data.Linq.SqlClient.SqlProvider.Execute(Expression query, QueryInfo queryInfo, IObjectReaderFactory factory, Object[] parentArgs, Object[] userArgs, ICompiledSubQuery[] subQueries, Object lastResult)
   at System.Data.Linq.SqlClient.SqlProvider.ExecuteAll(Expression query, QueryInfo[] queryInfos, IObjectReaderFactory factory, Object[] userArguments, ICompiledSubQuery[] subQueries)
   at System.Data.Linq.SqlClient.SqlProvider.System.Data.Linq.Provider.IProvider.Execute(Expression query)
   at System.Data.Linq.ChangeDirector.StandardChangeDirector.DynamicInsert(TrackedObject item)
   at System.Data.Linq.ChangeDirector.StandardChangeDirector.Insert(TrackedObject item)
   at System.Data.Linq.ChangeProcessor.SubmitChanges(ConflictMode failureMode)
   at System.Data.Linq.DataContext.SubmitChanges(ConflictMode failureMode)
   at System.Data.Linq.DataContext.SubmitChanges()
   at OneContainerlineBL.CountryRepository.InserCountry(String[] countries) in D:\WebFiles\onecontainerline\OneContainerline\OneContainerlineBL\CountryRepository.cs:line 31
   at OneContainerlineBL.CountryRepository.InsertThis() in D:\WebFiles\onecontainerline\OneContainerline\OneContainerlineBL\CountryRepository.cs:line 182
   at TestProject1.UnitTest1.InsertCountryText() in D:\WebFiles\onecontainerline\OneContainerline\TestProject1\UnitTest1.cs:line 66
</StackTrace>
        </ErrorInfo>
      </Output>
    </UnitTestResult>
  </Results>
</TestRun>